20:41:11.184 [AWT-EventQueue-0] INFO  c.b.actions.DisableBrowserStack - Setting disable browserstack run update
20:41:11.192 [AWT-EventQueue-0] INFO  c.b.actions.EnableBrowserStack - Setting enable browserstack run update
20:42:42.158 [AWT-EventQueue-0] INFO  c.b.launchers.LaunchMavenCommand - Integrate source: selenide-testng:intellij:v1.1.6
20:42:42.158 [AWT-EventQueue-0] INFO  c.b.launchers.LaunchMavenCommand - Executing maven archetype command - browserstack-sdk-archetype-integrate
20:42:42.234 [ApplicationImpl pooled thread 212] INFO  c.b.l.BrowserStackRunExtension - maven
20:42:42.235 [ApplicationImpl pooled thread 212] INFO  com.browserstack.utils.Helpers - null
20:43:06.229 [java.exe] INFO  c.b.launchers.LaunchMavenCommand - Completed maven archetype command
01:43:18.376 [AWT-EventQueue-0] INFO  c.b.actions.DisableBrowserStack - Setting disable browserstack run update
01:43:18.377 [AWT-EventQueue-0] INFO  com.browserstack.utils.Helpers - C:/Users/aleko/.m2/repository/com/browserstack/browserstack-java-sdk/1.29.3/browserstack-java-sdk-1.29.3.jar
01:43:18.377 [AWT-EventQueue-0] INFO  com.browserstack.utils.Helpers - true
01:43:18.387 [AWT-EventQueue-0] INFO  c.b.actions.EnableBrowserStack - Setting enable browserstack run update
01:43:18.388 [AWT-EventQueue-0] INFO  com.browserstack.utils.Helpers - C:/Users/aleko/.m2/repository/com/browserstack/browserstack-java-sdk/1.29.3/browserstack-java-sdk-1.29.3.jar
01:43:18.388 [AWT-EventQueue-0] INFO  com.browserstack.utils.Helpers - true
01:44:07.951 [ApplicationImpl pooled thread 269] INFO  c.b.l.BrowserStackRunExtension - testng
01:44:07.951 [ApplicationImpl pooled thread 269] INFO  com.browserstack.utils.Helpers - true
01:44:07.951 [ApplicationImpl pooled thread 269] INFO  com.browserstack.utils.Helpers - C:/Users/aleko/.m2/repository/com/browserstack/browserstack-java-sdk/1.29.3/browserstack-java-sdk-1.29.3.jar
01:44:07.953 [ApplicationImpl pooled thread 269] INFO  c.b.l.BrowserStackRunExtension - Agent path: C:/Users/aleko/.m2/repository/com/browserstack/browserstack-java-sdk/1.29.3/browserstack-java-sdk-1.29.3.jar
01:44:07.953 [ApplicationImpl pooled thread 269] INFO  c.b.l.BrowserStackRunExtension - Adding Browserstack SDK javaagent argline
01:44:07.953 [ApplicationImpl pooled thread 269] INFO  c.b.l.BrowserStackRunExtension - Plugin version: v1.1.6
01:51:53.634 [AWT-EventQueue-0] INFO  c.b.actions.DisableBrowserStack - Setting disable browserstack run update
01:51:53.635 [AWT-EventQueue-0] INFO  com.browserstack.utils.Helpers - C:/Users/aleko/.m2/repository/com/browserstack/browserstack-java-sdk/1.29.3/browserstack-java-sdk-1.29.3.jar
01:51:53.635 [AWT-EventQueue-0] INFO  com.browserstack.utils.Helpers - true
01:51:53.641 [AWT-EventQueue-0] INFO  c.b.actions.EnableBrowserStack - Setting enable browserstack run update
01:51:53.642 [AWT-EventQueue-0] INFO  com.browserstack.utils.Helpers - C:/Users/aleko/.m2/repository/com/browserstack/browserstack-java-sdk/1.29.3/browserstack-java-sdk-1.29.3.jar
01:51:53.642 [AWT-EventQueue-0] INFO  com.browserstack.utils.Helpers - true
17:59:26.932 [AWT-EventQueue-0] INFO  c.b.actions.DisableBrowserStack - Setting disable browserstack run update
17:59:26.934 [AWT-EventQueue-0] INFO  com.browserstack.utils.Helpers - C:/Users/aleko/.m2/repository/com/browserstack/browserstack-java-sdk/1.29.3/browserstack-java-sdk-1.29.3.jar
17:59:26.934 [AWT-EventQueue-0] INFO  com.browserstack.utils.Helpers - true
17:59:26.941 [AWT-EventQueue-0] INFO  c.b.actions.EnableBrowserStack - Setting enable browserstack run update
17:59:26.941 [AWT-EventQueue-0] INFO  com.browserstack.utils.Helpers - C:/Users/aleko/.m2/repository/com/browserstack/browserstack-java-sdk/1.29.3/browserstack-java-sdk-1.29.3.jar
17:59:26.941 [AWT-EventQueue-0] INFO  com.browserstack.utils.Helpers - true
18:01:59.407 [ApplicationImpl pooled thread 16] INFO  c.b.l.BrowserStackRunExtension - testng
18:01:59.407 [ApplicationImpl pooled thread 16] INFO  com.browserstack.utils.Helpers - true
18:01:59.408 [ApplicationImpl pooled thread 16] INFO  com.browserstack.utils.Helpers - C:/Users/aleko/.m2/repository/com/browserstack/browserstack-java-sdk/1.29.3/browserstack-java-sdk-1.29.3.jar
18:01:59.408 [ApplicationImpl pooled thread 16] INFO  c.b.l.BrowserStackRunExtension - Agent path: C:/Users/aleko/.m2/repository/com/browserstack/browserstack-java-sdk/1.29.3/browserstack-java-sdk-1.29.3.jar
18:01:59.409 [ApplicationImpl pooled thread 16] INFO  c.b.l.BrowserStackRunExtension - Adding Browserstack SDK javaagent argline
18:01:59.409 [ApplicationImpl pooled thread 16] INFO  c.b.l.BrowserStackRunExtension - Plugin version: v1.1.6
20:48:32.564 [AWT-EventQueue-0] INFO  c.b.actions.DisableBrowserStack - Setting disable browserstack run update
20:48:32.565 [AWT-EventQueue-0] INFO  com.browserstack.utils.Helpers - C:/Users/aleko/.m2/repository/com/browserstack/browserstack-java-sdk/1.29.3/browserstack-java-sdk-1.29.3.jar
20:48:32.565 [AWT-EventQueue-0] INFO  com.browserstack.utils.Helpers - true
20:48:32.573 [AWT-EventQueue-0] INFO  c.b.actions.EnableBrowserStack - Setting enable browserstack run update
20:48:32.574 [AWT-EventQueue-0] INFO  com.browserstack.utils.Helpers - C:/Users/aleko/.m2/repository/com/browserstack/browserstack-java-sdk/1.29.3/browserstack-java-sdk-1.29.3.jar
20:48:32.574 [AWT-EventQueue-0] INFO  com.browserstack.utils.Helpers - true
20:48:33.455 [AWT-EventQueue-0] INFO  c.b.actions.DisableBrowserStack - Disabling BrowserStack Run
20:48:33.455 [AWT-EventQueue-0] INFO  com.browserstack.utils.Helpers - setting browserstack enabled to false
20:48:40.303 [ApplicationImpl pooled thread 74] INFO  c.b.l.BrowserStackRunExtension - testng
20:48:40.303 [ApplicationImpl pooled thread 74] INFO  com.browserstack.utils.Helpers - false
20:50:00.232 [AWT-EventQueue-0] INFO  c.b.actions.DisableBrowserStack - Setting disable browserstack run update
20:50:00.233 [AWT-EventQueue-0] INFO  com.browserstack.utils.Helpers - C:/Users/aleko/.m2/repository/com/browserstack/browserstack-java-sdk/1.29.3/browserstack-java-sdk-1.29.3.jar
20:50:00.233 [AWT-EventQueue-0] INFO  com.browserstack.utils.Helpers - false
20:50:00.239 [AWT-EventQueue-0] INFO  c.b.actions.EnableBrowserStack - Setting enable browserstack run update
20:50:00.240 [AWT-EventQueue-0] INFO  com.browserstack.utils.Helpers - C:/Users/aleko/.m2/repository/com/browserstack/browserstack-java-sdk/1.29.3/browserstack-java-sdk-1.29.3.jar
20:50:00.240 [AWT-EventQueue-0] INFO  com.browserstack.utils.Helpers - false
20:50:00.912 [AWT-EventQueue-0] INFO  c.b.actions.DisableBrowserStack - Setting disable browserstack run update
20:50:00.913 [AWT-EventQueue-0] INFO  com.browserstack.utils.Helpers - C:/Users/aleko/.m2/repository/com/browserstack/browserstack-java-sdk/1.29.3/browserstack-java-sdk-1.29.3.jar
20:50:00.913 [AWT-EventQueue-0] INFO  com.browserstack.utils.Helpers - false
20:50:00.918 [AWT-EventQueue-0] INFO  c.b.actions.EnableBrowserStack - Setting enable browserstack run update
20:50:00.919 [AWT-EventQueue-0] INFO  com.browserstack.utils.Helpers - C:/Users/aleko/.m2/repository/com/browserstack/browserstack-java-sdk/1.29.3/browserstack-java-sdk-1.29.3.jar
20:50:00.919 [AWT-EventQueue-0] INFO  com.browserstack.utils.Helpers - false
20:50:01.725 [AWT-EventQueue-0] INFO  c.b.actions.EnableBrowserStack - Enabling BrowserStack Run
20:50:01.725 [AWT-EventQueue-0] INFO  com.browserstack.utils.Helpers - setting browserstack enabled to true
20:50:07.125 [AWT-EventQueue-0] INFO  c.b.actions.DisableBrowserStack - Setting disable browserstack run update
20:50:07.125 [AWT-EventQueue-0] INFO  com.browserstack.utils.Helpers - C:/Users/aleko/.m2/repository/com/browserstack/browserstack-java-sdk/1.29.3/browserstack-java-sdk-1.29.3.jar
20:50:07.125 [AWT-EventQueue-0] INFO  com.browserstack.utils.Helpers - true
20:50:07.134 [AWT-EventQueue-0] INFO  c.b.actions.EnableBrowserStack - Setting enable browserstack run update
20:50:07.136 [AWT-EventQueue-0] INFO  com.browserstack.utils.Helpers - C:/Users/aleko/.m2/repository/com/browserstack/browserstack-java-sdk/1.29.3/browserstack-java-sdk-1.29.3.jar
20:50:07.136 [AWT-EventQueue-0] INFO  com.browserstack.utils.Helpers - true
21:31:03.267 [AWT-EventQueue-0] INFO  c.b.actions.EnableBrowserStack - Setting enable browserstack run update
21:31:03.268 [AWT-EventQueue-0] INFO  com.browserstack.utils.Helpers - C:/Users/aleko/.m2/repository/com/browserstack/browserstack-java-sdk/1.29.3/browserstack-java-sdk-1.29.3.jar
21:31:03.268 [AWT-EventQueue-0] INFO  com.browserstack.utils.Helpers - true
21:31:03.273 [AWT-EventQueue-0] INFO  c.b.actions.DisableBrowserStack - Setting disable browserstack run update
21:31:03.274 [AWT-EventQueue-0] INFO  com.browserstack.utils.Helpers - C:/Users/aleko/.m2/repository/com/browserstack/browserstack-java-sdk/1.29.3/browserstack-java-sdk-1.29.3.jar
21:31:03.274 [AWT-EventQueue-0] INFO  com.browserstack.utils.Helpers - true
05:07:41.342 [ApplicationImpl pooled thread 62] INFO  c.b.l.BrowserStackRunExtension - testng
05:07:41.343 [ApplicationImpl pooled thread 62] INFO  com.browserstack.utils.Helpers - true
05:07:41.344 [ApplicationImpl pooled thread 62] INFO  com.browserstack.utils.Helpers - C:/Users/aleko/.m2/repository/com/browserstack/browserstack-java-sdk/1.29.3/browserstack-java-sdk-1.29.3.jar
05:07:41.344 [ApplicationImpl pooled thread 62] INFO  c.b.l.BrowserStackRunExtension - Agent path: C:/Users/aleko/.m2/repository/com/browserstack/browserstack-java-sdk/1.29.3/browserstack-java-sdk-1.29.3.jar
05:07:41.344 [ApplicationImpl pooled thread 62] INFO  c.b.l.BrowserStackRunExtension - Adding Browserstack SDK javaagent argline
05:07:41.344 [ApplicationImpl pooled thread 62] INFO  c.b.l.BrowserStackRunExtension - Plugin version: v1.1.6
05:08:09.044 [AWT-EventQueue-0] INFO  c.b.actions.DisableBrowserStack - Setting disable browserstack run update
05:08:09.045 [AWT-EventQueue-0] INFO  com.browserstack.utils.Helpers - C:/Users/aleko/.m2/repository/com/browserstack/browserstack-java-sdk/1.29.3/browserstack-java-sdk-1.29.3.jar
05:08:09.045 [AWT-EventQueue-0] INFO  com.browserstack.utils.Helpers - true
05:08:09.051 [AWT-EventQueue-0] INFO  c.b.actions.EnableBrowserStack - Setting enable browserstack run update
05:08:09.052 [AWT-EventQueue-0] INFO  com.browserstack.utils.Helpers - C:/Users/aleko/.m2/repository/com/browserstack/browserstack-java-sdk/1.29.3/browserstack-java-sdk-1.29.3.jar
05:08:09.052 [AWT-EventQueue-0] INFO  com.browserstack.utils.Helpers - true
05:08:10.036 [AWT-EventQueue-0] INFO  c.b.actions.DisableBrowserStack - Disabling BrowserStack Run
05:08:10.036 [AWT-EventQueue-0] INFO  com.browserstack.utils.Helpers - setting browserstack enabled to false
05:08:18.035 [ApplicationImpl pooled thread 67] INFO  c.b.l.BrowserStackRunExtension - testng
05:08:18.036 [ApplicationImpl pooled thread 67] INFO  com.browserstack.utils.Helpers - false
05:09:04.061 [ApplicationImpl pooled thread 62] INFO  c.b.l.BrowserStackRunExtension - testng
05:09:04.061 [ApplicationImpl pooled thread 62] INFO  com.browserstack.utils.Helpers - false
05:10:15.412 [ApplicationImpl pooled thread 74] INFO  c.b.l.BrowserStackRunExtension - testng
05:10:15.412 [ApplicationImpl pooled thread 74] INFO  com.browserstack.utils.Helpers - false
05:13:45.896 [ApplicationImpl pooled thread 79] INFO  c.b.l.BrowserStackRunExtension - testng
05:13:45.896 [ApplicationImpl pooled thread 79] INFO  com.browserstack.utils.Helpers - false
05:18:09.175 [ApplicationImpl pooled thread 62] INFO  c.b.l.BrowserStackRunExtension - testng
05:18:09.175 [ApplicationImpl pooled thread 62] INFO  com.browserstack.utils.Helpers - false
05:19:31.234 [ApplicationImpl pooled thread 82] INFO  c.b.l.BrowserStackRunExtension - testng
05:19:31.234 [ApplicationImpl pooled thread 82] INFO  com.browserstack.utils.Helpers - false
05:31:01.045 [ApplicationImpl pooled thread 97] INFO  c.b.l.BrowserStackRunExtension - testng
05:31:01.045 [ApplicationImpl pooled thread 97] INFO  com.browserstack.utils.Helpers - false
05:36:11.655 [AWT-EventQueue-0] INFO  c.b.actions.DisableBrowserStack - Setting disable browserstack run update
05:36:11.655 [AWT-EventQueue-0] INFO  com.browserstack.utils.Helpers - C:/Users/aleko/.m2/repository/com/browserstack/browserstack-java-sdk/1.29.3/browserstack-java-sdk-1.29.3.jar
05:36:11.655 [AWT-EventQueue-0] INFO  com.browserstack.utils.Helpers - false
05:36:11.659 [AWT-EventQueue-0] INFO  c.b.actions.EnableBrowserStack - Setting enable browserstack run update
05:36:11.660 [AWT-EventQueue-0] INFO  com.browserstack.utils.Helpers - C:/Users/aleko/.m2/repository/com/browserstack/browserstack-java-sdk/1.29.3/browserstack-java-sdk-1.29.3.jar
05:36:11.660 [AWT-EventQueue-0] INFO  com.browserstack.utils.Helpers - false
05:37:09.604 [ApplicationImpl pooled thread 102] INFO  c.b.l.BrowserStackRunExtension - testng
05:37:09.604 [ApplicationImpl pooled thread 102] INFO  com.browserstack.utils.Helpers - false
05:42:48.468 [ApplicationImpl pooled thread 8] INFO  c.b.l.BrowserStackRunExtension - testng
05:42:48.469 [ApplicationImpl pooled thread 8] INFO  com.browserstack.utils.Helpers - false
05:43:15.370 [ApplicationImpl pooled thread 4] INFO  c.b.l.BrowserStackRunExtension - testng
05:43:15.370 [ApplicationImpl pooled thread 4] INFO  com.browserstack.utils.Helpers - false
